[template.viserlab.com/casinous/demo/index.html]
[backblue.gif]
[fade.gif]
[index.html]
[template.viserlab.com/casinous/demo/assets/images/favicon.png]
[template.viserlab.com/casinous/demo/assets/css/lib/bootstrap.min.css]
[template.viserlab.com/casinous/demo/assets/css/all.min.css]
[template.viserlab.com/casinous/demo/assets/css/line-awesome.min.css]
[template.viserlab.com/casinous/demo/assets/css/lib/animate.css]
[template.viserlab.com/casinous/demo/assets/css/lib/slick.css]
[template.viserlab.com/casinous/demo/assets/css/main.css]
[template.viserlab.com/casinous/demo/assets/images/logo.png]
[template.viserlab.com/casinous/demo/about.html]
[template.viserlab.com/casinous/demo/games.html]
[template.viserlab.com/casinous/demo/faq.html]
[template.viserlab.com/casinous/demo/dashboard.html]
[template.viserlab.com/casinous/demo/game-details.html]
[template.viserlab.com/casinous/demo/policy.html]
[template.viserlab.com/casinous/demo/terms-conditions.html]
[template.viserlab.com/casinous/demo/sign-in.html]
[template.viserlab.com/casinous/demo/sign-up.html]
[template.viserlab.com/casinous/demo/blog.html]
[template.viserlab.com/casinous/demo/blog-details.html]
[template.viserlab.com/casinous/demo/contact.html]
[template.viserlab.com/casinous/demo/assets/images/banner/bg.png]
[template.viserlab.com/casinous/demo/assets/images/banner/card.png]
[template.viserlab.com/casinous/demo/assets/images/banner/thumb.png]
[template.viserlab.com/casinous/demo/assets/images/about/thumb.png]
[template.viserlab.com/casinous/demo/assets/images/about/shape.png]
[template.viserlab.com/casinous/demo/assets/images/game/bg3.jpg]
[template.viserlab.com/casinous/demo/assets/images/game/item2.png]
[template.viserlab.com/casinous/demo/assets/images/game/item1.png]
[template.viserlab.com/casinous/demo/assets/images/game/item3.png]
[template.viserlab.com/casinous/demo/assets/images/game/item4.png]
[template.viserlab.com/casinous/demo/assets/images/game/item5.png]
[template.viserlab.com/casinous/demo/assets/images/game/item6.png]
[template.viserlab.com/casinous/demo/assets/images/why/shape.png]
[template.viserlab.com/casinous/demo/assets/images/how/bg2.jpg]
[template.viserlab.com/casinous/demo/assets/images/faq/shape.png]
[template.viserlab.com/casinous/demo/assets/images/top/bg.png]
[template.viserlab.com/casinous/demo/assets/images/top/item1.png]
[template.viserlab.com/casinous/demo/assets/images/top/item2.png]
[template.viserlab.com/casinous/demo/assets/images/top/item3.png]
[template.viserlab.com/casinous/demo/assets/images/top/bg2.png]
[template.viserlab.com/casinous/demo/assets/images/testimonial/bg.png]
[template.viserlab.com/casinous/demo/assets/images/footer/bg.jpg]
[template.viserlab.com/casinous/demo/assets/images/footer/shape.png]
[template.viserlab.com/casinous/demo/assets/js/lib/jquery-3.6.0.min.js]
[template.viserlab.com/casinous/demo/assets/js/lib/bootstrap.min.js]
[template.viserlab.com/casinous/demo/assets/js/lib/slick.min.js]
[template.viserlab.com/casinous/demo/index.html]
[template.viserlab.com/casinous/demo/assets/css/lib/bootstrap.min.css]
[template.viserlab.com/casinous/demo/assets/js/main.js]
[template.viserlab.com/casinous/demo/assets/webfonts/fa-brands-400.eot]
[template.viserlab.com/casinous/demo/assets/webfonts/fa-brands-400d41d.eot]
[template.viserlab.com/casinous/demo/assets/webfonts/fa-brands-400.woff2]
[template.viserlab.com/casinous/demo/assets/webfonts/fa-brands-400.woff]
[template.viserlab.com/casinous/demo/assets/webfonts/fa-brands-400.ttf]
[template.viserlab.com/casinous/demo/assets/webfonts/fa-brands-400.svg]
[template.viserlab.com/casinous/demo/assets/webfonts/fa-regular-400.eot]
[template.viserlab.com/casinous/demo/assets/webfonts/fa-regular-400d41d.eot]
[template.viserlab.com/casinous/demo/assets/webfonts/fa-regular-400.woff2]
[template.viserlab.com/casinous/demo/assets/webfonts/fa-regular-400.woff]
[template.viserlab.com/casinous/demo/assets/webfonts/fa-regular-400.ttf]
[template.viserlab.com/casinous/demo/assets/webfonts/fa-regular-400.svg]
[template.viserlab.com/casinous/demo/assets/webfonts/fa-solid-900.eot]
[template.viserlab.com/casinous/demo/assets/webfonts/fa-solid-900d41d.eot]
[template.viserlab.com/casinous/demo/assets/webfonts/fa-solid-900.woff2]
[template.viserlab.com/casinous/demo/assets/webfonts/fa-solid-900.woff]
[template.viserlab.com/casinous/demo/assets/webfonts/fa-solid-900.ttf]
[template.viserlab.com/casinous/demo/assets/css/all.min.css]
[template.viserlab.com/casinous/demo/assets/webfonts/fa-solid-900.svg]
[template.viserlab.com/casinous/demo/assets/fonts/la-brands-400.eot]
[template.viserlab.com/casinous/demo/assets/fonts/la-brands-400d41d.eot]
[template.viserlab.com/casinous/demo/assets/fonts/la-brands-400.woff2]
[template.viserlab.com/casinous/demo/assets/fonts/la-brands-400.woff]
[template.viserlab.com/casinous/demo/assets/fonts/la-brands-400.ttf]
[template.viserlab.com/casinous/demo/assets/fonts/la-brands-400.svg]
[template.viserlab.com/casinous/demo/assets/fonts/la-regular-400.eot]
[template.viserlab.com/casinous/demo/assets/fonts/la-regular-400d41d.eot]
[template.viserlab.com/casinous/demo/assets/fonts/la-regular-400.woff2]
[template.viserlab.com/casinous/demo/assets/fonts/la-regular-400.woff]
[template.viserlab.com/casinous/demo/assets/fonts/la-regular-400.ttf]
[template.viserlab.com/casinous/demo/assets/fonts/la-regular-400.svg]
[template.viserlab.com/casinous/demo/assets/fonts/la-solid-900.eot]
[template.viserlab.com/casinous/demo/assets/fonts/la-solid-900d41d.eot]
[template.viserlab.com/casinous/demo/assets/fonts/la-solid-900.woff2]
[template.viserlab.com/casinous/demo/assets/fonts/la-solid-900.woff]
[template.viserlab.com/casinous/demo/assets/fonts/la-solid-900.ttf]
[template.viserlab.com/casinous/demo/assets/css/line-awesome.min.css]
[template.viserlab.com/casinous/demo/assets/css/lib/animate.css]
[template.viserlab.com/casinous/demo/assets/fonts/la-solid-900.svg]
[template.viserlab.com/casinous/demo/assets/css/lib/fonts/slick.eot]
[template.viserlab.com/casinous/demo/assets/css/lib/fonts/slickd41d.eot]
[template.viserlab.com/casinous/demo/assets/css/lib/fonts/slick.woff]
[template.viserlab.com/casinous/demo/assets/css/lib/fonts/slick.ttf]
[template.viserlab.com/casinous/demo/assets/css/lib/fonts/slick.svg]
[template.viserlab.com/casinous/demo/assets/css/lib/slick.css]
[template.viserlab.com/casinous/demo/assets/images/game/shape.png]
[template.viserlab.com/casinous/demo/assets/css/main.css]
[template.viserlab.com/casinous/demo/assets/images/inner-banner/bg2.jpg]
[template.viserlab.com/casinous/demo/assets/images/about/thumb2.png]
[template.viserlab.com/casinous/demo/about.html]
[template.viserlab.com/casinous/demo/games.html]
[template.viserlab.com/casinous/demo/faq.html]
[template.viserlab.com/casinous/demo/deposit-log.html]
[template.viserlab.com/casinous/demo/withdraw-log.html]
[template.viserlab.com/casinous/demo/transection.html]
[template.viserlab.com/casinous/demo/profile.html]
[template.viserlab.com/casinous/demo/dashboard.html]
[template.viserlab.com/casinous/demo/change-pass.html]
[template.viserlab.com/casinous/demo/assets/images/game/head.png]
[template.viserlab.com/casinous/demo/assets/images/game/tail.png]
[template.viserlab.com/casinous/demo/game-details.html]
[template.viserlab.com/casinous/demo/policy.html]
[template.viserlab.com/casinous/demo/terms-conditions.html]
[template.viserlab.com/casinous/demo/assets/images/account/bg.jpg]
[template.viserlab.com/casinous/demo/sign-in.html]
[template.viserlab.com/casinous/demo/sign-up.html]
[template.viserlab.com/casinous/demo/assets/images/blog/bg.png]
[template.viserlab.com/casinous/demo/assets/images/blog/item1.png]
[template.viserlab.com/casinous/demo/assets/images/blog/item2.png]
[template.viserlab.com/casinous/demo/assets/images/blog/item3.png]
[template.viserlab.com/casinous/demo/assets/images/blog/item4.png]
[template.viserlab.com/casinous/demo/blog.html]
[template.viserlab.com/casinous/demo/blog-details.html]
[template.viserlab.com/casinous/demo/contact.html]
[template.viserlab.com/casinous/demo/assets/webfonts/fa-brands-400.svg]
[template.viserlab.com/casinous/demo/assets/webfonts/fa-regular-400.svg]
[template.viserlab.com/cdn-cgi/scripts/5c5dd728/cloudflare-static/email-decode.min.js]
[template.viserlab.com/casinous/demo/assets/webfonts/fa-solid-900.svg]
[template.viserlab.com/casinous/demo/assets/fonts/la-brands-400.svg]
[template.viserlab.com/casinous/demo/assets/fonts/la-regular-400.svg]
[template.viserlab.com/casinous/demo/assets/fonts/la-solid-900.svg]
[template.viserlab.com/casinous/demo/assets/css/lib/fonts/slick.html]
[template.viserlab.com/casinous/demo/assets/css/lib/fonts/slickd41d.html]
[template.viserlab.com/casinous/demo/assets/css/lib/fonts/slick-2.html]
[template.viserlab.com/casinous/demo/assets/css/lib/fonts/slick-3.html]
[template.viserlab.com/casinous/demo/assets/css/lib/fonts/slick-4.html]
[template.viserlab.com/casinous/demo/deposit-log.html]
[template.viserlab.com/casinous/demo/withdraw-log.html]
[template.viserlab.com/casinous/demo/transection.html]
[template.viserlab.com/casinous/demo/assets/images/account/user.png]
[template.viserlab.com/casinous/demo/profile.html]
[template.viserlab.com/casinous/demo/change-pass.html]
